******************************************************************************
                  MSP430 Linker PC v21.6.1                     
******************************************************************************
>> Linked Sat Aug  5 15:26:22 2023

OUTPUT FILE NAME:   <booper.badge.lgbt.out>
ENTRY POINT SYMBOL: "_c_int00_noargs"  address: 0000f78c


MEMORY CONFIGURATION

         name            origin    length      used     unused   attr    fill
----------------------  --------  ---------  --------  --------  ----  --------
  SFR                   00000000   00000010  00000000  00000010  RWIX
  PERIPHERALS_8BIT      00000010   000000f0  00000000  000000f0  RWIX
  PERIPHERALS_16BIT     00000100   00000100  00000000  00000100  RWIX
  INFOA                 00001800   00000200  00000017  000001e9  RWIX
  RAM                   00002000   00001000  000002e3  00000d1d  RWIX
  FRAM                  0000c400   00003b80  0000361e  00000562  RWIX
  JTAGSIGNATURE         0000ff80   00000004  00000004  00000000  RWIX  ffff 
  BSLSIGNATURE          0000ff84   00000004  00000004  00000000  RWIX  ffff 
  INT00                 0000ff88   00000002  00000000  00000002  RWIX
  INT01                 0000ff8a   00000002  00000000  00000002  RWIX
  INT02                 0000ff8c   00000002  00000000  00000002  RWIX
  INT03                 0000ff8e   00000002  00000000  00000002  RWIX
  INT04                 0000ff90   00000002  00000000  00000002  RWIX
  INT05                 0000ff92   00000002  00000000  00000002  RWIX
  INT06                 0000ff94   00000002  00000000  00000002  RWIX
  INT07                 0000ff96   00000002  00000000  00000002  RWIX
  INT08                 0000ff98   00000002  00000000  00000002  RWIX
  INT09                 0000ff9a   00000002  00000000  00000002  RWIX
  INT10                 0000ff9c   00000002  00000000  00000002  RWIX
  INT11                 0000ff9e   00000002  00000000  00000002  RWIX
  INT12                 0000ffa0   00000002  00000000  00000002  RWIX
  INT13                 0000ffa2   00000002  00000000  00000002  RWIX
  INT14                 0000ffa4   00000002  00000000  00000002  RWIX
  INT15                 0000ffa6   00000002  00000000  00000002  RWIX
  INT16                 0000ffa8   00000002  00000000  00000002  RWIX
  INT17                 0000ffaa   00000002  00000000  00000002  RWIX
  INT18                 0000ffac   00000002  00000000  00000002  RWIX
  INT19                 0000ffae   00000002  00000000  00000002  RWIX
  INT20                 0000ffb0   00000002  00000000  00000002  RWIX
  INT21                 0000ffb2   00000002  00000000  00000002  RWIX
  INT22                 0000ffb4   00000002  00000000  00000002  RWIX
  INT23                 0000ffb6   00000002  00000000  00000002  RWIX
  INT24                 0000ffb8   00000002  00000000  00000002  RWIX
  INT25                 0000ffba   00000002  00000000  00000002  RWIX
  INT26                 0000ffbc   00000002  00000000  00000002  RWIX
  INT27                 0000ffbe   00000002  00000000  00000002  RWIX
  INT28                 0000ffc0   00000002  00000000  00000002  RWIX
  INT29                 0000ffc2   00000002  00000000  00000002  RWIX
  INT30                 0000ffc4   00000002  00000000  00000002  RWIX
  INT31                 0000ffc6   00000002  00000000  00000002  RWIX
  INT32                 0000ffc8   00000002  00000000  00000002  RWIX
  INT33                 0000ffca   00000002  00000000  00000002  RWIX
  INT34                 0000ffcc   00000002  00000000  00000002  RWIX
  INT35                 0000ffce   00000002  00000000  00000002  RWIX
  INT36                 0000ffd0   00000002  00000000  00000002  RWIX
  INT37                 0000ffd2   00000002  00000000  00000002  RWIX
  INT38                 0000ffd4   00000002  00000000  00000002  RWIX
  INT39                 0000ffd6   00000002  00000000  00000002  RWIX
  INT40                 0000ffd8   00000002  00000002  00000000  RWIX
  INT41                 0000ffda   00000002  00000002  00000000  RWIX
  INT42                 0000ffdc   00000002  00000002  00000000  RWIX
  INT43                 0000ffde   00000002  00000002  00000000  RWIX
  INT44                 0000ffe0   00000002  00000002  00000000  RWIX
  INT45                 0000ffe2   00000002  00000002  00000000  RWIX
  INT46                 0000ffe4   00000002  00000002  00000000  RWIX
  INT47                 0000ffe6   00000002  00000002  00000000  RWIX
  INT48                 0000ffe8   00000002  00000002  00000000  RWIX
  INT49                 0000ffea   00000002  00000002  00000000  RWIX
  INT50                 0000ffec   00000002  00000002  00000000  RWIX
  INT51                 0000ffee   00000002  00000002  00000000  RWIX
  INT52                 0000fff0   00000002  00000002  00000000  RWIX
  INT53                 0000fff2   00000002  00000002  00000000  RWIX
  INT54                 0000fff4   00000002  00000002  00000000  RWIX
  INT55                 0000fff6   00000002  00000002  00000000  RWIX
  INT56                 0000fff8   00000002  00000002  00000000  RWIX
  INT57                 0000fffa   00000002  00000002  00000000  RWIX
  INT58                 0000fffc   00000002  00000002  00000000  RWIX
  RESET                 0000fffe   00000002  00000002  00000000  RWIX


SECTION ALLOCATION MAP

 output                                  attributes/
section   page    origin      length       input sections
--------  ----  ----------  ----------   ----------------
.TI.persistent 
*          0    00001800    00000017     
                  00001800    00000014     badge.obj (.TI.persistent:badge_conf)
                  00001814    00000002     radio.obj (.TI.persistent)
                  00001816    00000001     leds.obj (.TI.persistent)

.data      0    00002000    00000204     UNINITIALIZED
                  00002000    00000078     radio.obj (.data:ids_in_range)
                  00002078    00000022     tlc5948a.obj (.data:fun_base)
                  0000209a    00000020     tlc5948a.obj (.data:tlc_gs_data)
                  000020ba    0000001e     CAPT_UserConfig.obj (.data:B1)
                  000020d8    0000001e     animations.obj (.data:anim_bigspin_frames)
                  000020f6    0000001a     CAPT_UserConfig.obj (.data:B1_E00)
                  00002110    00000010     eyes.obj (.data:EYES_DISP)
                  00002120    0000000e     animations.obj (.data:animations)
                  0000212e    0000000e     CAPT_UserConfig.obj (.data:g_uiApp)
                  0000213c    0000000d     leds.obj (.data)
                  00002149    00000001     radio.obj (.data)
                  0000214a    0000000c     animations.obj (.data:anim_boop_frames)
                  00002156    0000000c     radio.obj (.data:rx_cnt)
                  00002162    0000000a     eyes.obj (.data:EYES_DIGITS)
                  0000216c    00000008     rtc.obj (.data)
                  00002174    00000008     rfm75.obj (.data:payload)
                  0000217c    00000006     animations.obj (.data:anim_dafuq_frames)
                  00002182    00000006     animations.obj (.data:anim_dirshifty_frames)
                  00002188    00000006     animations.obj (.data:anim_happytoggle_frames)
                  0000218e    00000006     animations.obj (.data:anim_lookaround_frames)
                  00002194    00000006     animations.obj (.data:anim_shifty_frames)
                  0000219a    00000006     tlc5948a.obj (.data)
                  000021a0    00000004     CAPT_UserConfig.obj (.data:B1_C00)
                  000021a4    00000004     animations.obj (.data:anim_boop)
                  000021a8    00000004     animations.obj (.data:anim_dafuq)
                  000021ac    00000004     animations.obj (.data:anim_dirshifty)
                  000021b0    00000004     animations.obj (.data:anim_happytoggle)
                  000021b4    00000004     animations.obj (.data:anim_happywink)
                  000021b8    00000004     animations.obj (.data:anim_lookaround)
                  000021bc    00000004     animations.obj (.data:anim_new_badge)
                  000021c0    00000004     animations.obj (.data:anim_seen_badge)
                  000021c4    00000004     animations.obj (.data:anim_shifty)
                  000021c8    00000004     animations.obj (.data:anim_wink)
                  000021cc    00000004     leds.obj (.data:leds_dot_level)
                  000021d0    00000004     rfm75.obj (.data)
                  000021d4    00000004     rts430x_sc_sd_eabi.lib : rand.c.obj (.data)
                  000021d8    00000003     animations.obj (.data:anim_happywink_frames)
                  000021db    00000001     --HOLE--
                  000021dc    00000003     animations.obj (.data:anim_wink_frames)
                  000021df    00000003     badge.obj (.data)
                  000021e2    00000002     CAPT_UserConfig.obj (.data:B1_C00_Elements)
                  000021e4    00000002     CAPT_UserConfig.obj (.data:B1_Cycles)
                  000021e6    00000002     eyes.obj (.data:EYES_BIGHAPPY_VAL)
                  000021e8    00000002     eyes.obj (.data:EYES_BIG_VAL)
                  000021ea    00000002     eyes.obj (.data:EYES_DAFUQ_VAL)
                  000021ec    00000002     eyes.obj (.data:EYES_HAPPY_VAL)
                  000021ee    00000002     eyes.obj (.data:EYES_LEFT_VAL)
                  000021f0    00000002     eyes.obj (.data:EYES_NORMAL_VAL)
                  000021f2    00000002     eyes.obj (.data:EYES_RIGHT_VAL)
                  000021f4    00000002     eyes.obj (.data:EYES_SAD_VAL)
                  000021f6    00000002     rts430x_sc_sd_eabi.lib : _lock.c.obj (.data:_lock)
                  000021f8    00000002                            : _lock.c.obj (.data:_unlock)
                  000021fa    00000002     captivate_fr2633_family.lib : CAPT_EMC.o (.data)
                  000021fc    00000002     CAPT_UserConfig.obj (.data:g_pCaptivateSensorArray)
                  000021fe    00000002     leds.obj (.data:leds_eyes_ambient_temp)
                  00002200    00000002     leds.obj (.data:leds_eyes_curr)
                  00002202    00000002     main.obj (.data)

.cinit     0    0000c400    0000021a     
                  0000c400    00000208     (.cinit..data.load) [load image]
                  0000c608    00000006     (__TI_handler_table)
                  0000c60e    00000004     (.cinit..bss.load) [load image, compression = zero_init]
                  0000c612    00000008     (__TI_cinit_table)

.pinit     0    0000c61a    00000000     UNINITIALIZED

.binit     0    0000c61a    00000000     

.init_array 
*          0    0000c61a    00000000     UNINITIALIZED

.mspabi.exidx 
*          0    0000c61a    00000000     UNINITIALIZED

.mspabi.extab 
*          0    0000c61a    00000000     UNINITIALIZED

.const     0    0000c61a    0000006b     
                  0000c61a    00000026     rfm75.obj (.const:bank0_init_data)
                  0000c640    00000018     rfm75.obj (.const:$P$T1$2)
                  0000c658    00000012     tlc5948a.obj (.const:$P$T0$1)
                  0000c66a    0000000b     rfm75.obj (.const:.string:$P$T3$4)
                  0000c675    00000001     --HOLE-- [fill = 0]
                  0000c676    00000008     rfm75.obj (.const:$P$T2$3)
                  0000c67e    00000003     rfm75.obj (.const:.string:$P$T0$1)
                  0000c681    00000001     --HOLE-- [fill = 0]
                  0000c682    00000003     rfm75.obj (.const:.string:$P$T4$5)

.text      0    0000c686    00003398     
                  0000c686    00000388     leds.obj (.text:leds_post_step)
                  0000ca0e    0000029e     main.obj (.text:main)
                  0000ccac    0000025e     captivate_fr2633_family.lib : CAPT_Touch.o (.text:CAPT_updateSensorRawCount)
                  0000cf0a    0000022e     leds.obj (.text:leds_error_code)
                  0000d138    0000022c     rfm75.obj (.text:rfm75_init)
                  0000d364    0000021e     leds.obj (.text:leds_timestep)
                  0000d582    000001c8     captivate_fr2633_family.lib : CAPT_Calibration.o (.text:CAPT_calibrateGain)
                  0000d74a    0000019c                                 : CAPT_Calibration.o (.text:CAPT_calibrateOffset)
                  0000d8e6    00000166     leds.obj (.text:do_blink)
                  0000da4c    0000012e     tlc5948a.obj (.text:TLC_EUSCI_ISR)
                  0000db7a    000000f2     captivate_fr2633_family.lib : CAPT_EMC.o (.text:CAPT_correctInvalidMultiFreqCalibration)
                  0000dc6c    000000f0                                 : CAPT_EMC.o (.text:CAPT_testConversionFrequencyForNoise)
                  0000dd5c    000000ea     leds.obj (.text:leds_load_gs)
                  0000de46    000000dc     leds.obj (.text:leds_show_number)
                  0000df22    000000d2     captivate_fr2633_family.lib : CAPT_Touch.o (.text:CAPT_updateSelfElementProxTouchWithEMC)
                  0000dff4    000000c0                                 : CAPT_EMC.o (.text:CAPT_resolveMultiFreqSet)
                  0000e0b4    000000be     main.obj (.text:dco_software_trim)
                  0000e172    000000bc     rfm75.obj (.text:rfm75_tx)
                  0000e22e    000000b4     leds.obj (.text:leds_init)
                  0000e2e2    000000aa     captivate_fr2633_family.lib : CAPT_Touch.o (.text:CAPT_updateElementFilteredValuesWithEMC)
                  0000e38c    000000a6                                 : CAPT_EMC.o (.text:CAPT_computeRelNoiseComp)
                  0000e432    000000a6     rfm75.obj (.text:rfm75_deferred_interrupt)
                  0000e4d8    000000a0     leds.obj (.text:leds_boop)
                  0000e578    00000098     captivate_fr2633_family.lib : CAPT_Touch.o (.text:CAPT_processCycleWithEMC)
                  0000e610    00000094                                 : CAPT_Calibration.o (.text:CAPT_calibrateSensorWithEMC)
                  0000e6a4    0000008a     tlc5948a.obj (.text:tlc_init)
                  0000e72e    00000078     badge.obj (.text:badge_update_queerdar_count)
                  0000e7a6    00000076     captivate_fr2633_family.lib : CAPT_Touch.o (.text:CAPT_updateSensorWithEMC)
                  0000e81c    00000070                                 : CAPT_Touch.o (.text:CAPT_testForRecalibration)
                  0000e88c    0000006e     rts430x_sc_sd_eabi.lib : copy_decompress_lzss.c.obj (.text:decompress:lzss:__TI_decompress_lzss)
                  0000e8fa    0000006a     captivate_fr2633_family.lib : CAPT_Touch.o (.text:CAPT_initSensor)
                  0000e964    0000006a                                 : CAPT_Touch.o (.text:CAPT_processSensor)
                  0000e9ce    00000066                                 : CAPT_EMC.o (.text:CAPT_updateGlobalFilteredNoiseLevel)
                  0000ea34    00000060     CAPT_Manager.obj (.text:CAPT_updateUI)
                  0000ea94    0000005e     radio.obj (.text:radio_interval)
                  0000eaf2    0000005a     main.obj (.text:button_cb)
                  0000eb4c    0000005a     leds.obj (.text:leds_blink_or_bling)
                  0000eba6    00000058     radio.obj (.text:radio_rx_done)
                  0000ebfe    00000058     rts430x_sc_sd_eabi.lib : div32u.asm.obj (.text)
                  0000ec56    00000056     captivate_fr2633_family.lib : CAPT_Touch.o (.text:CAPT_updateSensorNoise)
                  0000ecac    00000054     eusci_a_spi.obj (.text:EUSCI_A_SPI_initMaster)
                  0000ed00    00000052     rts430x_sc_sd_eabi.lib : autoinit.c.obj (.text:__TI_auto_init_nobinit_nopinit_hold_wdt:__TI_auto_init_nobinit_nopinit_hold_wdt)
                  0000ed52    0000004e     captivate_fr2633_family.lib : CAPT_Touch.o (.text:CAPT_preProcessSlider)
                  0000eda0    0000004c                                 : CAPT_EMC.o (.text:CAPT_getEMCConversionSettings)
                  0000edec    0000004c     rtc.obj (.text:RTC_ISR)
                  0000ee38    0000004c     badge.obj (.text:badge_set_seen)
                  0000ee84    00000048     captivate_fr2633_family.lib : CAPT_Touch.o (.text:CAPT_flagAllElementsForReseed)
                  0000eecc    00000048                                 : CAPT_Touch.o (.text:CAPT_loadCycle)
                  0000ef14    00000048     main.obj (.text:init_io)
                  0000ef5c    00000044     CAPT_Manager.obj (.text:CAPT_initUI)
                  0000efa0    00000044     rfm75.obj (.text:rfm75_enter_prx)
                  0000efe4    00000044     tlc5948a.obj (.text:tlc_stage_dc_mult)
                  0000f028    00000040     CAPT_ISR.obj (.text:CAPT_ISR)
                  0000f068    0000003e     captivate_fr2633_family.lib : CAPT_Touch.o (.text:CAPT_unloadCycle)
                  0000f0a6    0000003e     rts430x_sc_sd_eabi.lib : lsl32.asm.obj (.text:l_lsl_const)
                  0000f0e4    0000003e                            : lsr32.asm.obj (.text:l_lsr_const)
                  0000f122    0000003c     radio.obj (.text:radio_start_calibration)
                  0000f15e    0000003c     rfm75.obj (.text:rfm75_post)
                  0000f19a    0000003a     leds.obj (.text:leds_anim_start)
                  0000f1d4    00000038     util.obj (.text:crc16_compute)
                  0000f20c    00000038     main.obj (.text:post_display)
                  0000f244    00000038     rts430x_sc_sd_eabi.lib : rand.c.obj (.text:rand)
                  0000f27c    00000036     captivate_fr2633_family.lib : CAPT_Touch.o (.text:CAPT_updateSensorTimeout)
                  0000f2b2    00000036     rfm75.obj (.text:set_unicast_addr)
                  0000f2e8    00000034     leds.obj (.text:leds_next_brightness)
                  0000f31c    00000034     rfm75.obj (.text:rfm75_select_bank)
                  0000f350    00000032     badge.obj (.text:badge_init)
                  0000f382    00000032     radio.obj (.text:radio_handle_beacon)
                  0000f3b4    00000030     util.obj (.text:crc16_check_buffer)
                  0000f3e4    00000030     rfm75.obj (.text:read_rfm75_cmd_buf)
                  0000f414    0000002e     captivate_fr2633_family.lib : CAPT_Touch.o (.text:CAPT_convertAbsToRel)
                  0000f442    0000002e                                 : CAPT_Touch.o (.text:CAPT_startConversionAndWaitUntilDone)
                  0000f470    0000002e     badge.obj (.text:badge_button_press_short)
                  0000f49e    0000002e     leds.obj (.text:eye_ambient)
                  0000f4cc    0000002e     radio.obj (.text:radio_boop)
                  0000f4fa    0000002c     rts430x_sc_sd_eabi.lib : div16s.asm.obj (.text)
                  0000f526    0000002a     main.obj (.text:init_clocks)
                  0000f550    00000026     captivate_fr2633_family.lib : CAPT_Touch.o (.text:CAPT_blockOnFlag)
                  0000f576    00000026     rfm75.obj (.text:send_rfm75_cmd_buf)
                  0000f59c    00000026     radio.obj (.text:validate)
                  0000f5c2    00000024     captivate_fr2633_family.lib : CAPT_EMC.o (.text:CAPT_computeJitterFilter)
                  0000f5e6    00000024     rfm75.obj (.text:rfm75_io_init)
                  0000f60a    00000022     captivate_fr2633_family.lib : CAPT_Calibration.o (.text:CAPT_calibrateSensor)
                  0000f62c    00000022     util.obj (.text:delay_millis)
                  0000f64e    00000022     leds.obj (.text:leds_queerdar_alert)
                  0000f670    00000020     CAPT_Manager.obj (.text:CAPT_calibrateUI)
                  0000f690    00000020     captivate_fr2633_family.lib : CAPT_HAL.o (.text:CAPT_init)
                  0000f6b0    00000020                                 : CAPT_Touch.o (.text:CAPT_testForMaxCountRecalibration)
                  0000f6d0    00000020     rfm75.obj (.text:RFM_ISR)
                  0000f6f0    00000020     util.obj (.text:check_id_buf)
                  0000f710    00000020     rts430x_sc_sd_eabi.lib : mult32_f5hw.asm.obj (.text)
                  0000f730    00000020     util.obj (.text:set_id_buf)
                  0000f750    0000001e     util.obj (.text:crc16_append_buffer)
                  0000f76e    0000001e     radio.obj (.text:radio_init)
                  0000f78c    0000001c     rts430x_sc_sd_eabi.lib : boot.c.obj (.text:_c_int00_noargs)
                  0000f7a8    0000001c     tlc5948a.obj (.text:tlc_stage_blank)
                  0000f7c4    0000001a     rfm75.obj (.text:rfm75_tx_avail)
                  0000f7de    0000001a     rfm75.obj (.text:rfm75spi_recv_sync)
                  0000f7f8    0000001a     tlc5948a.obj (.text:tlc_set_fun)
                  0000f812    0000001a     tlc5948a.obj (.text:tlc_set_gs)
                  0000f82c    00000018     captivate_fr2633_family.lib : CAPT_Touch.o (.text:CAPT_testForNegativeTouchRecalibration)
                  0000f844    00000018     rfm75.obj (.text:rfm75_read_reg)
                  0000f85c    00000018     rtc.obj (.text:rtc_init)
                  0000f874    00000016     rts430x_sc_sd_eabi.lib : div16u.asm.obj (.text)
                  0000f88a    00000016                            : rand.c.obj (.text:srand)
                  0000f8a0    00000014     captivate_fr2633_family.lib : CAPT_EMC.o (.text:CAPT_getMaxRelThreshold)
                  0000f8b4    00000014                                 : CAPT_EMC.o (.text:CAPT_getRelNoiseStatusThreshold)
                  0000f8c8    00000014                                 : CAPT_EMC.o (.text:CAPT_replaceFrequencyWithError)
                  0000f8dc    00000014     rts430x_sc_sd_eabi.lib : copy_zero_init.c.obj (.text:decompress:ZI:__TI_zero_init_nomemset:__TI_zero_init_nomemset)
                  0000f8f0    00000014                            : memset.c.obj (.text:memset)
                  0000f904    00000014                            : mult16_f5hw.asm.obj (.text)
                  0000f918    00000014     rfm75.obj (.text:send_rfm75_cmd)
                  0000f92c    00000012     rts430x_sc_sd_eabi.lib : copy_decompress_none.c.obj (.text:decompress:none:__TI_decompress_none)
                  0000f93e    00000012                            : memcpy.c.obj (.text:memcpy)
                  0000f950    00000012     rfm75.obj (.text:rfm75_write_reg)
                  0000f962    00000012     rfm75.obj (.text:rfm75_write_reg_buf)
                  0000f974    00000010     rfm75.obj (.text:rfm75_get_status)
                  0000f984    0000000e     main.obj (.text:fram_lock)
                  0000f992    0000000c     main.obj (.text:fram_unlock)
                  0000f99e    0000000a     rts430x_sc_sd_eabi.lib : abs.c.obj (.text:abs)
                  0000f9a8    0000000a     badge.obj (.text:badge_button_press_long)
                  0000f9b2    0000000a     rts430x_sc_sd_eabi.lib : lsl16.asm.obj (.text)
                  0000f9bc    0000000a                            : lsr16.asm.obj (.text)
                  0000f9c6    00000008     eusci_a_spi.obj (.text:EUSCI_A_SPI_receiveData)
                  0000f9ce    00000008     eusci_a_spi.obj (.text:EUSCI_A_SPI_transmitData)
                  0000f9d6    00000008     rts430x_sc_sd_eabi.lib : isr_trap.asm.obj (.text:_isr:__TI_ISR_TRAP)
                  0000f9de    00000006     captivate_fr2633_family.lib : CAPT_HAL.o (.text:CAPT_clearIFG)
                  0000f9e4    00000006                                 : CAPT_HAL.o (.text:CAPT_getInterruptVector)
                  0000f9ea    00000006     crc.obj (.text:CRC_getResult)
                  0000f9f0    00000006     crc.obj (.text:CRC_set8BitData)
                  0000f9f6    00000006     crc.obj (.text:CRC_setSeed)
                  0000f9fc    00000006     eusci_a_spi.obj (.text:EUSCI_A_SPI_clearInterrupt)
                  0000fa02    00000006     eusci_a_spi.obj (.text:EUSCI_A_SPI_enableInterrupt)
                  0000fa08    00000006     rts430x_sc_sd_eabi.lib : exit.c.obj (.text:abort)
                  0000fa0e    00000006     rfm75.obj (.text:rfm75spi_send_sync)
                  0000fa14    00000004     rts430x_sc_sd_eabi.lib : pre_init.c.obj (.text:_system_pre_init)
                  0000fa18    00000002                            : _lock.c.obj (.text:_nop)
                  0000fa1a    00000002                            : startup.c.obj (.text:_system_post_cinit)
                  0000fa1c    00000002     radio.obj (.text:radio_tx_done)

.bss       0    00002204    0000003f     UNINITIALIZED
                  00002204    00000010     (.common:B1_E00_Tuning)
                  00002214    00000008     (.common:B1_E00_RawCnts)
                  0000221c    00000008     (.common:B1_Params)
                  00002224    00000008     (.common:curr_packet_tx)
                  0000222c    00000004     (.common:g_filteredGlobalNoiseLevel)
                  00002230    00000002     (.common:g_pHighestNoiseElement)
                  00002232    00000002     (.common:rfm75_rx_done_cb)
                  00002234    00000002     (.common:rfm75_tx_done_cb)
                  00002236    00000001     (.common:button_state)
                  00002237    00000001     (.common:eye_anim_blink_transition)
                  00002238    00000001     (.common:eye_anim_curr_frame)
                  00002239    00000001     (.common:eye_anim_curr_loops)
                  0000223a    00000001     (.common:eye_anim_curr_ticks)
                  0000223b    00000001     (.common:f_button_press_long)
                  0000223c    00000001     (.common:f_second)
                  0000223d    00000001     (.common:f_time_loop)
                  0000223e    00000001     (.common:g_bConvCounterFlag)
                  0000223f    00000001     (.common:g_bConvTimerFlag)
                  00002240    00000001     (.common:g_bDetectionFlag)
                  00002241    00000001     (.common:g_bEndOfConversionFlag)
                  00002242    00000001     (.common:g_bMaxCountErrorFlag)

.stack     0    00002f60    000000a0     UNINITIALIZED
                  00002f60    00000002     rts430x_sc_sd_eabi.lib : boot.c.obj (.stack)
                  00002f62    0000009e     --HOLE--

CAPTIVATE 
*          0    0000ffd8    00000002     
                  0000ffd8    00000002     CAPT_ISR.obj (.int40)

PORT2      0    0000ffda    00000002     
                  0000ffda    00000002     rts430x_sc_sd_eabi.lib : int41.asm.obj (.int41)

PORT1      0    0000ffdc    00000002     
                  0000ffdc    00000002     rfm75.obj (.int42)

ADC        0    0000ffde    00000002     
                  0000ffde    00000002     rts430x_sc_sd_eabi.lib : int43.asm.obj (.int43)

USCI_B0    0    0000ffe0    00000002     
                  0000ffe0    00000002     rts430x_sc_sd_eabi.lib : int44.asm.obj (.int44)

USCI_A1    0    0000ffe2    00000002     
                  0000ffe2    00000002     tlc5948a.obj (.int45)

USCI_A0    0    0000ffe4    00000002     
                  0000ffe4    00000002     rts430x_sc_sd_eabi.lib : int46.asm.obj (.int46)

WDT        0    0000ffe6    00000002     
                  0000ffe6    00000002     rts430x_sc_sd_eabi.lib : int47.asm.obj (.int47)

RTC        0    0000ffe8    00000002     
                  0000ffe8    00000002     rtc.obj (.int48)

TIMER3_A1 
*          0    0000ffea    00000002     
                  0000ffea    00000002     rts430x_sc_sd_eabi.lib : int49.asm.obj (.int49)

TIMER3_A0 
*          0    0000ffec    00000002     
                  0000ffec    00000002     rts430x_sc_sd_eabi.lib : int50.asm.obj (.int50)

TIMER2_A1 
*          0    0000ffee    00000002     
                  0000ffee    00000002     rts430x_sc_sd_eabi.lib : int51.asm.obj (.int51)

TIMER2_A0 
*          0    0000fff0    00000002     
                  0000fff0    00000002     rts430x_sc_sd_eabi.lib : int52.asm.obj (.int52)

TIMER1_A1 
*          0    0000fff2    00000002     
                  0000fff2    00000002     rts430x_sc_sd_eabi.lib : int53.asm.obj (.int53)

TIMER1_A0 
*          0    0000fff4    00000002     
                  0000fff4    00000002     rts430x_sc_sd_eabi.lib : int54.asm.obj (.int54)

TIMER0_A1 
*          0    0000fff6    00000002     
                  0000fff6    00000002     rts430x_sc_sd_eabi.lib : int55.asm.obj (.int55)

TIMER0_A0 
*          0    0000fff8    00000002     
                  0000fff8    00000002     rts430x_sc_sd_eabi.lib : int56.asm.obj (.int56)

UNMI       0    0000fffa    00000002     
                  0000fffa    00000002     rts430x_sc_sd_eabi.lib : int57.asm.obj (.int57)

SYSNMI     0    0000fffc    00000002     
                  0000fffc    00000002     rts430x_sc_sd_eabi.lib : int58.asm.obj (.int58)

.reset     0    0000fffe    00000002     
                  0000fffe    00000002     rts430x_sc_sd_eabi.lib : boot.c.obj (.reset)

$fill000   0    0000ff80    00000004     
                  0000ff80    00000004     --HOLE-- [fill = ffff]

$fill001   0    0000ff84    00000004     
                  0000ff84    00000004     --HOLE-- [fill = ffff]

MODULE SUMMARY

       Module                       code    ro data   rw data
       ------                       ----    -------   -------
    .\
       leds.obj                     3436    0         26     
       rfm75.obj                    1452    89        16     
       main.obj                     1146    0         6      
       tlc5948a.obj                 588     20        72     
       radio.obj                    408     0         143    
       badge.obj                    302     0         23     
       util.obj                     232     0         0      
       animations.obj               0       0         132    
       rtc.obj                      100     2         8      
       eyes.obj                     0       0         42     
    +--+----------------------------+-------+---------+---------+
       Total:                       7664    111       468    
                                                             
    .\captivate\ADVANCED\
       CAPT_Manager.obj             196     0         0      
    +--+----------------------------+-------+---------+---------+
       Total:                       196     0         0      
                                                             
    .\captivate\BASE\
       CAPT_ISR.obj                 64      2         5      
    +--+----------------------------+-------+---------+---------+
       Total:                       64      2         5      
                                                             
    .\captivate_config\
       CAPT_UserConfig.obj          0       0         112    
    +--+----------------------------+-------+---------+---------+
       Total:                       0       0         112    
                                                             
    .\driverlib\MSP430FR2xx_4xx\
       eusci_a_spi.obj              112     0         0      
       crc.obj                      18      0         0      
    +--+----------------------------+-------+---------+---------+
       Total:                       130     0         0      
                                                             
    ../captivate/BASE/libraries/captivate_fr2633_family.lib
       CAPT_Touch.o                 2190    0         0      
       CAPT_EMC.o                   1114    0         8      
       CAPT_Calibration.o           1050    0         0      
       CAPT_HAL.o                   44      0         0      
    +--+----------------------------+-------+---------+---------+
       Total:                       4398    0         8      
                                                             
    C:\ti\ccs1240\ccs\tools\compiler\ti-cgt-msp430_21.6.1.LTS\lib\rts430x_sc_sd_eabi.lib
       copy_decompress_lzss.c.obj   110     0         0      
       div32u.asm.obj               88      0         0      
       autoinit.c.obj               82      0         0      
       rand.c.obj                   78      0         4      
       lsl32.asm.obj                62      0         0      
       lsr32.asm.obj                62      0         0      
       div16s.asm.obj               44      0         0      
       mult32_f5hw.asm.obj          32      0         0      
       boot.c.obj                   28      2         0      
       div16u.asm.obj               22      0         0      
       copy_zero_init.c.obj         20      0         0      
       memset.c.obj                 20      0         0      
       mult16_f5hw.asm.obj          20      0         0      
       copy_decompress_none.c.obj   18      0         0      
       memcpy.c.obj                 18      0         0      
       abs.c.obj                    10      0         0      
       lsl16.asm.obj                10      0         0      
       lsr16.asm.obj                10      0         0      
       isr_trap.asm.obj             8       0         0      
       _lock.c.obj                  2       0         4      
       exit.c.obj                   6       0         0      
       pre_init.c.obj               4       0         0      
       int41.asm.obj                0       2         0      
       int43.asm.obj                0       2         0      
       int44.asm.obj                0       2         0      
       int46.asm.obj                0       2         0      
       int47.asm.obj                0       2         0      
       int49.asm.obj                0       2         0      
       int50.asm.obj                0       2         0      
       int51.asm.obj                0       2         0      
       int52.asm.obj                0       2         0      
       int53.asm.obj                0       2         0      
       int54.asm.obj                0       2         0      
       int55.asm.obj                0       2         0      
       int56.asm.obj                0       2         0      
       int57.asm.obj                0       2         0      
       int58.asm.obj                0       2         0      
       startup.c.obj                2       0         0      
    +--+----------------------------+-------+---------+---------+
       Total:                       756     32        8      
                                                             
       Stack:                       0       0         160    
       Linker Generated:            0       538       0      
    +--+----------------------------+-------+---------+---------+
       Grand Total:                 13208   683       761    


LINKER GENERATED COPY TABLES

__TI_cinit_table @ 0000c612 records: 2, size/record: 4, table size: 8
	.data: load addr=0000c400, load size=00000208 bytes, run addr=00002000, run size=00000204 bytes, compression=copy
	.bss: load addr=0000c60e, load size=00000004 bytes, run addr=00002204, run size=0000003f bytes, compression=zero_init


LINKER GENERATED HANDLER TABLE

__TI_handler_table @ 0000c608 records: 3, size/record: 2, table size: 6
	index: 0, handler: __TI_zero_init
	index: 1, handler: __TI_decompress_lzss
	index: 2, handler: __TI_decompress_none


GLOBAL SYMBOLS: SORTED ALPHABETICALLY BY Name 

address   name                                   
-------   ----                                   
00000700  ADCCTL0                                
00000701  ADCCTL0_H                              
00000700  ADCCTL0_L                              
00000702  ADCCTL1                                
00000703  ADCCTL1_H                              
00000702  ADCCTL1_L                              
00000704  ADCCTL2                                
00000705  ADCCTL2_H                              
00000704  ADCCTL2_L                              
00000708  ADCHI                                  
00000709  ADCHI_H                                
00000708  ADCHI_L                                
0000071a  ADCIE                                  
0000071b  ADCIE_H                                
0000071a  ADCIE_L                                
0000071c  ADCIFG                                 
0000071d  ADCIFG_H                               
0000071c  ADCIFG_L                               
0000071e  ADCIV                                  
0000071f  ADCIV_H                                
0000071e  ADCIV_L                                
00000706  ADCLO                                  
00000707  ADCLO_H                                
00000706  ADCLO_L                                
0000070a  ADCMCTL0                               
0000070b  ADCMCTL0_H                             
0000070a  ADCMCTL0_L                             
00000712  ADCMEM0                                
00000713  ADCMEM0_H                              
00000712  ADCMEM0_L                              
000020ba  B1                                     
000021a0  B1_C00                                 
000021e2  B1_C00_Elements                        
000021e4  B1_Cycles                              
000020f6  B1_E00                                 
00002214  B1_E00_RawCnts                         
00002204  B1_E00_Tuning                          
0000221c  B1_Params                              
00000660  BAKMEM0                                
00000661  BAKMEM0_H                              
00000660  BAKMEM0_L                              
00000662  BAKMEM1                                
00000674  BAKMEM10                               
00000675  BAKMEM10_H                             
00000674  BAKMEM10_L                             
00000676  BAKMEM11                               
00000677  BAKMEM11_H                             
00000676  BAKMEM11_L                             
00000678  BAKMEM12                               
00000679  BAKMEM12_H                             
00000678  BAKMEM12_L                             
0000067a  BAKMEM13                               
0000067b  BAKMEM13_H                             
0000067a  BAKMEM13_L                             
0000067c  BAKMEM14                               
0000067d  BAKMEM14_H                             
0000067c  BAKMEM14_L                             
0000067e  BAKMEM15                               
0000067f  BAKMEM15_H                             
0000067e  BAKMEM15_L                             
00000663  BAKMEM1_H                              
00000662  BAKMEM1_L                              
00000664  BAKMEM2                                
00000665  BAKMEM2_H                              
00000664  BAKMEM2_L                              
00000666  BAKMEM3                                
00000667  BAKMEM3_H                              
00000666  BAKMEM3_L                              
00000668  BAKMEM4                                
00000669  BAKMEM4_H                              
00000668  BAKMEM4_L                              
0000066a  BAKMEM5                                
0000066b  BAKMEM5_H                              
0000066a  BAKMEM5_L                              
0000066c  BAKMEM6                                
0000066d  BAKMEM6_H                              
0000066c  BAKMEM6_L                              
0000066e  BAKMEM7                                
0000066f  BAKMEM7_H                              
0000066e  BAKMEM7_L                              
00000670  BAKMEM8                                
00000671  BAKMEM8_H                              
00000670  BAKMEM8_L                              
00000672  BAKMEM9                                
00000673  BAKMEM9_H                              
00000672  BAKMEM9_L                              
0000fa08  C$$EXIT                                
00000b20  CAPIE                                  
00000b21  CAPIE_H                                
00000b20  CAPIE_L                                
00000b22  CAPIFG                                 
00000b23  CAPIFG_H                               
00000b22  CAPIFG_L                               
00000b24  CAPIV                                  
00000b25  CAPIV_H                                
00000b24  CAPIV_L                                
0000f028  CAPT_ISR                               
0000f550  CAPT_blockOnFlag                       
0000d582  CAPT_calibrateGain                     
0000d74a  CAPT_calibrateOffset                   
0000f60a  CAPT_calibrateSensor                   
0000e610  CAPT_calibrateSensorWithEMC            
0000f670  CAPT_calibrateUI                       
0000f9de  CAPT_clearIFG                          
0000f5c2  CAPT_computeJitterFilter               
0000e38c  CAPT_computeRelNoiseComp               
0000f414  CAPT_convertAbsToRel                   
0000db7a  CAPT_correctInvalidMultiFreqCalibration
0000ee84  CAPT_flagAllElementsForReseed          
0000eda0  CAPT_getEMCConversionSettings          
0000f9e4  CAPT_getInterruptVector                
0000f8a0  CAPT_getMaxRelThreshold                
0000f8b4  CAPT_getRelNoiseStatusThreshold        
0000f690  CAPT_init                              
0000e8fa  CAPT_initSensor                        
0000ef5c  CAPT_initUI                            
0000eecc  CAPT_loadCycle                         
0000ed52  CAPT_preProcessSlider                  
0000e578  CAPT_processCycleWithEMC               
0000e964  CAPT_processSensor                     
0000f8c8  CAPT_replaceFrequencyWithError         
0000dff4  CAPT_resolveMultiFreqSet               
0000f442  CAPT_startConversionAndWaitUntilDone   
0000dc6c  CAPT_testConversionFrequencyForNoise   
0000f6b0  CAPT_testForMaxCountRecalibration      
0000f82c  CAPT_testForNegativeTouchRecalibration 
0000e81c  CAPT_testForRecalibration              
0000f068  CAPT_unloadCycle                       
0000e2e2  CAPT_updateElementFilteredValuesWithEMC
0000e9ce  CAPT_updateGlobalFilteredNoiseLevel    
0000df22  CAPT_updateSelfElementProxTouchWithEMC 
0000ec56  CAPT_updateSensorNoise                 
0000ccac  CAPT_updateSensorRawCount              
0000f27c  CAPT_updateSensorTimeout               
0000e7a6  CAPT_updateSensorWithEMC               
0000ea34  CAPT_updateUI                          
000001c0  CRCDI                                  
000001c2  CRCDIRB                                
000001c3  CRCDIRB_H                              
000001c2  CRCDIRB_L                              
000001c1  CRCDI_H                                
000001c0  CRCDI_L                                
000001c4  CRCINIRES                              
000001c5  CRCINIRES_H                            
000001c4  CRCINIRES_L                            
000001c6  CRCRESR                                
000001c7  CRCRESR_H                              
000001c6  CRCRESR_L                              
0000f9ea  CRC_getResult                          
0000f9f0  CRC_set8BitData                        
0000f9f6  CRC_setSeed                            
00000180  CSCTL0                                 
00000181  CSCTL0_H                               
00000180  CSCTL0_L                               
00000182  CSCTL1                                 
00000183  CSCTL1_H                               
00000182  CSCTL1_L                               
00000184  CSCTL2                                 
00000185  CSCTL2_H                               
00000184  CSCTL2_L                               
00000186  CSCTL3                                 
00000187  CSCTL3_H                               
00000186  CSCTL3_L                               
00000188  CSCTL4                                 
00000189  CSCTL4_H                               
00000188  CSCTL4_L                               
0000018a  CSCTL5                                 
0000018b  CSCTL5_H                               
0000018a  CSCTL5_L                               
0000018c  CSCTL6                                 
0000018d  CSCTL6_H                               
0000018c  CSCTL6_L                               
0000018e  CSCTL7                                 
0000018f  CSCTL7_H                               
0000018e  CSCTL7_L                               
00000190  CSCTL8                                 
00000191  CSCTL8_H                               
00000190  CSCTL8_L                               
0000f9fc  EUSCI_A_SPI_clearInterrupt             
0000fa02  EUSCI_A_SPI_enableInterrupt            
0000ecac  EUSCI_A_SPI_initMaster                 
0000f9c6  EUSCI_A_SPI_receiveData                
0000f9ce  EUSCI_A_SPI_transmitData               
000021e6  EYES_BIGHAPPY_VAL                      
000021e8  EYES_BIG_VAL                           
000021ea  EYES_DAFUQ_VAL                         
00002162  EYES_DIGITS                            
00002110  EYES_DISP                              
000021ec  EYES_HAPPY_VAL                         
000021ee  EYES_LEFT_VAL                          
000021f0  EYES_NORMAL_VAL                        
000021f2  EYES_RIGHT_VAL                         
000021f4  EYES_SAD_VAL                           
000001a0  FRCTL0                                 
000001a1  FRCTL0_H                               
000001a0  FRCTL0_L                               
000001a4  GCCTL0                                 
000001a5  GCCTL0_H                               
000001a4  GCCTL0_L                               
000001a6  GCCTL1                                 
000001a7  GCCTL1_H                               
000001a6  GCCTL1_L                               
000004c4  MAC                                    
000004da  MAC32H                                 
000004db  MAC32H_H                               
000004da  MAC32H_L                               
000004d8  MAC32L                                 
000004d9  MAC32L_H                               
000004d8  MAC32L_L                               
000004c6  MACS                                   
000004de  MACS32H                                
000004df  MACS32H_H                              
000004de  MACS32H_L                              
000004dc  MACS32L                                
000004dd  MACS32L_H                              
000004dc  MACS32L_L                              
000004c7  MACS_H                                 
000004c6  MACS_L                                 
000004c5  MAC_H                                  
000004c4  MAC_L                                  
000004c0  MPY                                    
000004ec  MPY32CTL0                              
000004ed  MPY32CTL0_H                            
000004ec  MPY32CTL0_L                            
000004d2  MPY32H                                 
000004d3  MPY32H_H                               
000004d2  MPY32H_L                               
000004d0  MPY32L                                 
000004d1  MPY32L_H                               
000004d0  MPY32L_L                               
000004c2  MPYS                                   
000004d6  MPYS32H                                
000004d7  MPYS32H_H                              
000004d6  MPYS32H_L                              
000004d4  MPYS32L                                
000004d5  MPYS32L_H                              
000004d4  MPYS32L_L                              
000004c3  MPYS_H                                 
000004c2  MPYS_L                                 
000004c1  MPY_H                                  
000004c0  MPY_L                                  
000004c8  OP2                                    
000004e2  OP2H                                   
000004e3  OP2H_H                                 
000004e2  OP2H_L                                 
000004e0  OP2L                                   
000004e1  OP2L_H                                 
000004e0  OP2L_L                                 
000004c9  OP2_H                                  
000004c8  OP2_L                                  
0000020e  P1IV                                   
0000021e  P2IV                                   
00000204  PADIR                                  
00000205  PADIR_H                                
00000204  PADIR_L                                
0000021a  PAIE                                   
00000218  PAIES                                  
00000219  PAIES_H                                
00000218  PAIES_L                                
0000021b  PAIE_H                                 
0000021a  PAIE_L                                 
0000021c  PAIFG                                  
0000021d  PAIFG_H                                
0000021c  PAIFG_L                                
00000200  PAIN                                   
00000201  PAIN_H                                 
00000200  PAIN_L                                 
00000202  PAOUT                                  
00000203  PAOUT_H                                
00000202  PAOUT_L                                
00000206  PAREN                                  
00000207  PAREN_H                                
00000206  PAREN_L                                
0000020a  PASEL0                                 
0000020b  PASEL0_H                               
0000020a  PASEL0_L                               
0000020c  PASEL1                                 
0000020d  PASEL1_H                               
0000020c  PASEL1_L                               
00000224  PBDIR                                  
00000225  PBDIR_H                                
00000224  PBDIR_L                                
00000220  PBIN                                   
00000221  PBIN_H                                 
00000220  PBIN_L                                 
00000222  PBOUT                                  
00000223  PBOUT_H                                
00000222  PBOUT_L                                
00000226  PBREN                                  
00000227  PBREN_H                                
00000226  PBREN_L                                
0000022a  PBSEL0                                 
0000022b  PBSEL0_H                               
0000022a  PBSEL0_L                               
0000022c  PBSEL1                                 
0000022d  PBSEL1_H                               
0000022c  PBSEL1_L                               
00000130  PM5CTL0                                
00000131  PM5CTL0_H                              
00000130  PM5CTL0_L                              
00000120  PMMCTL0                                
00000121  PMMCTL0_H                              
00000120  PMMCTL0_L                              
00000122  PMMCTL1                                
00000123  PMMCTL1_H                              
00000122  PMMCTL1_L                              
00000124  PMMCTL2                                
00000125  PMMCTL2_H                              
00000124  PMMCTL2_L                              
0000012e  PMMIE                                  
0000012f  PMMIE_H                                
0000012e  PMMIE_L                                
0000012a  PMMIFG                                 
0000012b  PMMIFG_H                               
0000012a  PMMIFG_L                               
000004e4  RES0                                   
000004e5  RES0_H                                 
000004e4  RES0_L                                 
000004e6  RES1                                   
000004e7  RES1_H                                 
000004e6  RES1_L                                 
000004e8  RES2                                   
000004e9  RES2_H                                 
000004e8  RES2_L                                 
000004ea  RES3                                   
000004eb  RES3_H                                 
000004ea  RES3_L                                 
000004cc  RESHI                                  
000004cd  RESHI_H                                
000004cc  RESHI_L                                
000004ca  RESLO                                  
000004cb  RESLO_H                                
000004ca  RESLO_L                                
0000f6d0  RFM_ISR                                
0000030c  RTCCNT                                 
0000030d  RTCCNT_H                               
0000030c  RTCCNT_L                               
00000300  RTCCTL                                 
00000301  RTCCTL_H                               
00000300  RTCCTL_L                               
00000304  RTCIV                                  
00000305  RTCIV_H                                
00000304  RTCIV_L                                
00000308  RTCMOD                                 
00000309  RTCMOD_H                               
00000308  RTCMOD_L                               
0000edec  RTC_ISR                                
00000100  SFRIE1                                 
00000101  SFRIE1_H                               
00000100  SFRIE1_L                               
00000102  SFRIFG1                                
00000103  SFRIFG1_H                              
00000102  SFRIFG1_L                              
00000104  SFRRPCR                                
00000105  SFRRPCR_H                              
00000104  SFRRPCR_L                              
000004ce  SUMEXT                                 
000004cf  SUMEXT_H                               
000004ce  SUMEXT_L                               
00000158  SYSBERRIV                              
00000159  SYSBERRIV_H                            
00000158  SYSBERRIV_L                            
00000142  SYSBSLC                                
00000143  SYSBSLC_H                              
00000142  SYSBSLC_L                              
00000160  SYSCFG0                                
00000161  SYSCFG0_H                              
00000160  SYSCFG0_L                              
00000162  SYSCFG1                                
00000163  SYSCFG1_H                              
00000162  SYSCFG1_L                              
00000164  SYSCFG2                                
00000165  SYSCFG2_H                              
00000164  SYSCFG2_L                              
00000140  SYSCTL                                 
00000141  SYSCTL_H                               
00000140  SYSCTL_L                               
00000146  SYSJMBC                                
00000147  SYSJMBC_H                              
00000146  SYSJMBC_L                              
00000148  SYSJMBI0                               
00000149  SYSJMBI0_H                             
00000148  SYSJMBI0_L                             
0000014a  SYSJMBI1                               
0000014b  SYSJMBI1_H                             
0000014a  SYSJMBI1_L                             
0000014c  SYSJMBO0                               
0000014d  SYSJMBO0_H                             
0000014c  SYSJMBO0_L                             
0000014e  SYSJMBO1                               
0000014f  SYSJMBO1_H                             
0000014e  SYSJMBO1_L                             
0000015e  SYSRSTIV                               
0000015f  SYSRSTIV_H                             
0000015e  SYSRSTIV_L                             
0000015c  SYSSNIV                                
0000015d  SYSSNIV_H                              
0000015c  SYSSNIV_L                              
0000015a  SYSUNIV                                
0000015b  SYSUNIV_H                              
0000015a  SYSUNIV_L                              
00000392  TA0CCR0                                
00000394  TA0CCR1                                
00000396  TA0CCR2                                
00000382  TA0CCTL0                               
00000384  TA0CCTL1                               
00000386  TA0CCTL2                               
00000380  TA0CTL                                 
000003a0  TA0EX0                                 
000003ae  TA0IV                                  
00000390  TA0R                                   
000003d2  TA1CCR0                                
000003d4  TA1CCR1                                
000003d6  TA1CCR2                                
000003c2  TA1CCTL0                               
000003c4  TA1CCTL1                               
000003c6  TA1CCTL2                               
000003c0  TA1CTL                                 
000003e0  TA1EX0                                 
000003ee  TA1IV                                  
000003d0  TA1R                                   
00000412  TA2CCR0                                
00000414  TA2CCR1                                
00000402  TA2CCTL0                               
00000404  TA2CCTL1                               
00000400  TA2CTL                                 
00000420  TA2EX0                                 
0000042e  TA2IV                                  
00000410  TA2R                                   
00000452  TA3CCR0                                
00000454  TA3CCR1                                
00000442  TA3CCTL0                               
00000444  TA3CCTL1                               
00000440  TA3CTL                                 
00000460  TA3EX0                                 
0000046e  TA3IV                                  
00000450  TA3R                                   
0000da4c  TLC_EUSCI_ISR                          
00000510  UCA0ABCTL                              
00000506  UCA0BRW                                
00000507  UCA0BRW_H                              
00000506  UCA0BRW_L                              
00000500  UCA0CTLW0                              
00000501  UCA0CTLW0_H                            
00000500  UCA0CTLW0_L                            
00000502  UCA0CTLW1                              
00000503  UCA0CTLW1_H                            
00000502  UCA0CTLW1_L                            
0000051a  UCA0IE                                 
0000051b  UCA0IE_H                               
0000051a  UCA0IE_L                               
0000051c  UCA0IFG                                
0000051d  UCA0IFG_H                              
0000051c  UCA0IFG_L                              
00000512  UCA0IRCTL                              
00000513  UCA0IRCTL_H                            
00000512  UCA0IRCTL_L                            
0000051e  UCA0IV                                 
00000508  UCA0MCTLW                              
00000509  UCA0MCTLW_H                            
00000508  UCA0MCTLW_L                            
0000050c  UCA0RXBUF                              
0000050d  UCA0RXBUF_H                            
0000050c  UCA0RXBUF_L                            
0000050a  UCA0STATW                              
0000050e  UCA0TXBUF                              
0000050f  UCA0TXBUF_H                            
0000050e  UCA0TXBUF_L                            
00000530  UCA1ABCTL                              
00000526  UCA1BRW                                
00000527  UCA1BRW_H                              
00000526  UCA1BRW_L                              
00000520  UCA1CTLW0                              
00000521  UCA1CTLW0_H                            
00000520  UCA1CTLW0_L                            
00000522  UCA1CTLW1                              
00000523  UCA1CTLW1_H                            
00000522  UCA1CTLW1_L                            
0000053a  UCA1IE                                 
0000053b  UCA1IE_H                               
0000053a  UCA1IE_L                               
0000053c  UCA1IFG                                
0000053d  UCA1IFG_H                              
0000053c  UCA1IFG_L                              
00000532  UCA1IRCTL                              
00000533  UCA1IRCTL_H                            
00000532  UCA1IRCTL_L                            
0000053e  UCA1IV                                 
00000528  UCA1MCTLW                              
00000529  UCA1MCTLW_H                            
00000528  UCA1MCTLW_L                            
0000052c  UCA1RXBUF                              
0000052d  UCA1RXBUF_H                            
0000052c  UCA1RXBUF_L                            
0000052a  UCA1STATW                              
0000052e  UCA1TXBUF                              
0000052f  UCA1TXBUF_H                            
0000052e  UCA1TXBUF_L                            
0000055e  UCB0ADDMASK                            
0000055f  UCB0ADDMASK_H                          
0000055e  UCB0ADDMASK_L                          
0000055c  UCB0ADDRX                              
0000055d  UCB0ADDRX_H                            
0000055c  UCB0ADDRX_L                            
00000546  UCB0BRW                                
00000547  UCB0BRW_H                              
00000546  UCB0BRW_L                              
00000540  UCB0CTLW0                              
00000541  UCB0CTLW0_H                            
00000540  UCB0CTLW0_L                            
00000542  UCB0CTLW1                              
00000543  UCB0CTLW1_H                            
00000542  UCB0CTLW1_L                            
00000554  UCB0I2COA0                             
00000555  UCB0I2COA0_H                           
00000554  UCB0I2COA0_L                           
00000556  UCB0I2COA1                             
00000557  UCB0I2COA1_H                           
00000556  UCB0I2COA1_L                           
00000558  UCB0I2COA2                             
00000559  UCB0I2COA2_H                           
00000558  UCB0I2COA2_L                           
0000055a  UCB0I2COA3                             
0000055b  UCB0I2COA3_H                           
0000055a  UCB0I2COA3_L                           
00000560  UCB0I2CSA                              
00000561  UCB0I2CSA_H                            
00000560  UCB0I2CSA_L                            
0000056a  UCB0IE                                 
0000056b  UCB0IE_H                               
0000056a  UCB0IE_L                               
0000056c  UCB0IFG                                
0000056d  UCB0IFG_H                              
0000056c  UCB0IFG_L                              
0000056e  UCB0IV                                 
0000054c  UCB0RXBUF                              
0000054d  UCB0RXBUF_H                            
0000054c  UCB0RXBUF_L                            
00000548  UCB0STATW                              
00000549  UCB0STATW_H                            
00000548  UCB0STATW_L                            
0000054a  UCB0TBCNT                              
0000054b  UCB0TBCNT_H                            
0000054a  UCB0TBCNT_L                            
0000054e  UCB0TXBUF                              
0000054f  UCB0TXBUF_H                            
0000054e  UCB0TXBUF_L                            
000001cc  WDTCTL                                 
000001cd  WDTCTL_H                               
000001cc  WDTCTL_L                               
00003000  __STACK_END                            
000000a0  __STACK_SIZE                           
0000c612  __TI_CINIT_Base                        
0000c61a  __TI_CINIT_Limit                       
0000c61a  __TI_CINIT_Warm                        
0000c608  __TI_Handler_Table_Base                
0000c60e  __TI_Handler_Table_Limit               
0000f9d6  __TI_ISR_TRAP                          
0000ed00  __TI_auto_init_nobinit_nopinit_hold_wdt
0000e88c  __TI_decompress_lzss                   
0000f92c  __TI_decompress_none                   
0000ffd8  __TI_int40                             
0000ffda  __TI_int41                             
0000ffdc  __TI_int42                             
0000ffde  __TI_int43                             
0000ffe0  __TI_int44                             
0000ffe2  __TI_int45                             
0000ffe4  __TI_int46                             
0000ffe6  __TI_int47                             
0000ffe8  __TI_int48                             
0000ffea  __TI_int49                             
0000ffec  __TI_int50                             
0000ffee  __TI_int51                             
0000fff0  __TI_int52                             
0000fff2  __TI_int53                             
0000fff4  __TI_int54                             
0000fff6  __TI_int55                             
0000fff8  __TI_int56                             
0000fffa  __TI_int57                             
0000fffc  __TI_int58                             
ffffffff  __TI_pprof_out_hndl                    
ffffffff  __TI_prof_data_size                    
ffffffff  __TI_prof_data_start                   
0000f8dc  __TI_zero_init_nomemset                
ffffffff  __c_args__                             
0000f4fa  __mspabi_divi                          
0000f874  __mspabi_divu                          
0000ebfe  __mspabi_divul                         
0000f904  __mspabi_mpyi_f5hw                     
0000f710  __mspabi_mpyl_f5hw                     
0000f4fa  __mspabi_remi                          
0000f874  __mspabi_remu                          
0000ebfe  __mspabi_remul                         
0000f9b2  __mspabi_slli                          
0000f0de  __mspabi_slll_1                        
0000f0ba  __mspabi_slll_10                       
0000f0b6  __mspabi_slll_11                       
0000f0b2  __mspabi_slll_12                       
0000f0ae  __mspabi_slll_13                       
0000f0aa  __mspabi_slll_14                       
0000f0a6  __mspabi_slll_15                       
0000f0da  __mspabi_slll_2                        
0000f0d6  __mspabi_slll_3                        
0000f0d2  __mspabi_slll_4                        
0000f0ce  __mspabi_slll_5                        
0000f0ca  __mspabi_slll_6                        
0000f0c6  __mspabi_slll_7                        
0000f0c2  __mspabi_slll_8                        
0000f0be  __mspabi_slll_9                        
0000f9bc  __mspabi_srli                          
0000f11c  __mspabi_srll_1                        
0000f0f8  __mspabi_srll_10                       
0000f0f4  __mspabi_srll_11                       
0000f0f0  __mspabi_srll_12                       
0000f0ec  __mspabi_srll_13                       
0000f0e8  __mspabi_srll_14                       
0000f0e4  __mspabi_srll_15                       
0000f118  __mspabi_srll_2                        
0000f114  __mspabi_srll_3                        
0000f110  __mspabi_srll_4                        
0000f10c  __mspabi_srll_5                        
0000f108  __mspabi_srll_6                        
0000f104  __mspabi_srll_7                        
0000f100  __mspabi_srll_8                        
0000f0fc  __mspabi_srll_9                        
0000f78c  _c_int00_noargs                        
000021f6  _lock                                  
0000fa18  _nop                                   
0000fffe  _reset_vector                          
00002f60  _stack                                 
0000fa1a  _system_post_cinit                     
0000fa14  _system_pre_init                       
000021f8  _unlock                                
0000fa08  abort                                  
0000f99e  abs                                    
000020d8  anim_bigspin_frames                    
000021a4  anim_boop                              
0000214a  anim_boop_frames                       
000021a8  anim_dafuq                             
0000217c  anim_dafuq_frames                      
000021ac  anim_dirshifty                         
00002182  anim_dirshifty_frames                  
000021b0  anim_happytoggle                       
00002188  anim_happytoggle_frames                
000021b4  anim_happywink                         
000021d8  anim_happywink_frames                  
000021b8  anim_lookaround                        
0000218e  anim_lookaround_frames                 
000021bc  anim_new_badge                         
000021c0  anim_seen_badge                        
000021c4  anim_shifty                            
00002194  anim_shifty_frames                     
000021c8  anim_wink                              
000021dc  anim_wink_frames                       
00002120  animations                             
000021e0  badge_block_radio_game                 
000021df  badge_boop_radio_cooldown              
0000f9a8  badge_button_press_long                
0000f470  badge_button_press_short               
00001800  badge_conf                             
0000f350  badge_init                             
0000ee38  badge_set_seen                         
0000e72e  badge_update_queerdar_count            
0000c61a  bank0_init_data                        
0000eaf2  button_cb                              
00002236  button_state                           
0000f6f0  check_id_buf                           
0000f750  crc16_append_buffer                    
0000f3b4  crc16_check_buffer                     
0000f1d4  crc16_compute                          
00002224  curr_packet_tx                         
0000e0b4  dco_software_trim                      
0000f62c  delay_millis                           
0000d8e6  do_blink                               
0000f49e  eye_ambient                            
00002237  eye_anim_blink_transition              
0000213e  eye_anim_curr                          
00002238  eye_anim_curr_frame                    
00002239  eye_anim_curr_loops                    
0000223a  eye_anim_curr_ticks                    
00002142  eye_blinking                           
0000223b  f_button_press_long                    
000021d3  f_rfm75_interrupt                      
0000223c  f_second                               
0000223d  f_time_loop                            
0000f984  fram_lock                              
0000f992  fram_unlock                            
00002078  fun_base                               
0000223e  g_bConvCounterFlag                     
0000223f  g_bConvTimerFlag                       
00002240  g_bDetectionFlag                       
00002241  g_bEndOfConversionFlag                 
00002242  g_bMaxCountErrorFlag                   
0000222c  g_filteredGlobalNoiseLevel             
000021fc  g_pCaptivateSensorArray                
000021fa  g_pEMCConfig                           
00002230  g_pHighestNoiseElement                 
0000212e  g_uiApp                                
00002000  ids_in_range                           
0000f526  init_clocks                            
0000ef14  init_io                                
0000f19a  leds_anim_start                        
0000eb4c  leds_blink_or_bling                    
0000e4d8  leds_boop                              
0000213c  leds_brightness                        
000021cc  leds_dot_level                         
0000cf0a  leds_error_code                        
00001816  leds_eyes_ambient                      
000021fe  leds_eyes_ambient_temp                 
00002140  leds_eyes_ambient_temp_ticks           
00002200  leds_eyes_curr                         
0000e22e  leds_init                              
0000dd5c  leds_load_gs                           
0000f2e8  leds_next_brightness                   
0000c686  leds_post_step                         
0000f64e  leds_queerdar_alert                    
00002144  leds_scan_speed                        
0000de46  leds_show_number                       
0000d364  leds_timestep                          
000021e1  long_presses                           
0000ca0e  main                                   
0000f93e  memcpy                                 
0000f8f0  memset                                 
00002174  payload                                
0000f20c  post_display                           
00002149  radio_badges_in_range                  
0000f4cc  radio_boop                             
00001814  radio_frequency                        
00001815  radio_frequency_done                   
0000f382  radio_handle_beacon                    
0000f76e  radio_init                             
0000ea94  radio_interval                         
0000eba6  radio_rx_done                          
0000f122  radio_start_calibration                
0000fa1c  radio_tx_done                          
0000f244  rand                                   
0000f3e4  read_rfm75_cmd_buf                     
0000e432  rfm75_deferred_interrupt               
0000efa0  rfm75_enter_prx                        
0000f974  rfm75_get_status                       
0000d138  rfm75_init                             
0000f5e6  rfm75_io_init                          
0000f15e  rfm75_post                             
0000f844  rfm75_read_reg                         
00002232  rfm75_rx_done_cb                       
0000f31c  rfm75_select_bank                      
000021d2  rfm75_state                            
0000e172  rfm75_tx                               
0000f7c4  rfm75_tx_avail                         
00002234  rfm75_tx_done_cb                       
000021d0  rfm75_unicast_addr                     
0000f950  rfm75_write_reg                        
0000f962  rfm75_write_reg_buf                    
0000f7de  rfm75spi_recv_sync                     
0000fa0e  rfm75spi_send_sync                     
0000216c  rtc_button_csecs                       
0000216e  rtc_centiseconds                       
0000f85c  rtc_init                               
00002170  rtc_seconds                            
00002156  rx_cnt                                 
00002202  s_boop_radio                           
00002146  scan_dot_curr                          
0000f918  send_rfm75_cmd                         
0000f576  send_rfm75_cmd_buf                     
0000f730  set_id_buf                             
0000f2b2  set_unicast_addr                       
0000f88a  srand                                  
0000209a  tlc_gs_data                            
0000e6a4  tlc_init                               
0000219d  tlc_loopback_data_in                   
0000219c  tlc_loopback_data_out                  
0000219a  tlc_send_type                          
0000f7f8  tlc_set_fun                            
0000f812  tlc_set_gs                             
0000f7a8  tlc_stage_blank                        
0000efe4  tlc_stage_dc_mult                      
0000219b  tlc_tx_index                           
0000f59c  validate                               


GLOBAL SYMBOLS: SORTED BY Symbol Address 

address   name                                   
-------   ----                                   
000000a0  __STACK_SIZE                           
00000100  SFRIE1                                 
00000100  SFRIE1_L                               
00000101  SFRIE1_H                               
00000102  SFRIFG1                                
00000102  SFRIFG1_L                              
00000103  SFRIFG1_H                              
00000104  SFRRPCR                                
00000104  SFRRPCR_L                              
00000105  SFRRPCR_H                              
00000120  PMMCTL0                                
00000120  PMMCTL0_L                              
00000121  PMMCTL0_H                              
00000122  PMMCTL1                                
00000122  PMMCTL1_L                              
00000123  PMMCTL1_H                              
00000124  PMMCTL2                                
00000124  PMMCTL2_L                              
00000125  PMMCTL2_H                              
0000012a  PMMIFG                                 
0000012a  PMMIFG_L                               
0000012b  PMMIFG_H                               
0000012e  PMMIE                                  
0000012e  PMMIE_L                                
0000012f  PMMIE_H                                
00000130  PM5CTL0                                
00000130  PM5CTL0_L                              
00000131  PM5CTL0_H                              
00000140  SYSCTL                                 
00000140  SYSCTL_L                               
00000141  SYSCTL_H                               
00000142  SYSBSLC                                
00000142  SYSBSLC_L                              
00000143  SYSBSLC_H                              
00000146  SYSJMBC                                
00000146  SYSJMBC_L                              
00000147  SYSJMBC_H                              
00000148  SYSJMBI0                               
00000148  SYSJMBI0_L                             
00000149  SYSJMBI0_H                             
0000014a  SYSJMBI1                               
0000014a  SYSJMBI1_L                             
0000014b  SYSJMBI1_H                             
0000014c  SYSJMBO0                               
0000014c  SYSJMBO0_L                             
0000014d  SYSJMBO0_H                             
0000014e  SYSJMBO1                               
0000014e  SYSJMBO1_L                             
0000014f  SYSJMBO1_H                             
00000158  SYSBERRIV                              
00000158  SYSBERRIV_L                            
00000159  SYSBERRIV_H                            
0000015a  SYSUNIV                                
0000015a  SYSUNIV_L                              
0000015b  SYSUNIV_H                              
0000015c  SYSSNIV                                
0000015c  SYSSNIV_L                              
0000015d  SYSSNIV_H                              
0000015e  SYSRSTIV                               
0000015e  SYSRSTIV_L                             
0000015f  SYSRSTIV_H                             
00000160  SYSCFG0                                
00000160  SYSCFG0_L                              
00000161  SYSCFG0_H                              
00000162  SYSCFG1                                
00000162  SYSCFG1_L                              
00000163  SYSCFG1_H                              
00000164  SYSCFG2                                
00000164  SYSCFG2_L                              
00000165  SYSCFG2_H                              
00000180  CSCTL0                                 
00000180  CSCTL0_L                               
00000181  CSCTL0_H                               
00000182  CSCTL1                                 
00000182  CSCTL1_L                               
00000183  CSCTL1_H                               
00000184  CSCTL2                                 
00000184  CSCTL2_L                               
00000185  CSCTL2_H                               
00000186  CSCTL3                                 
00000186  CSCTL3_L                               
00000187  CSCTL3_H                               
[...]
0000056a  UCB0IE                                 
0000056a  UCB0IE_L                               
0000056b  UCB0IE_H                               
0000056c  UCB0IFG                                
0000056c  UCB0IFG_L                              
0000056d  UCB0IFG_H                              
0000056e  UCB0IV                                 
00000660  BAKMEM0                                
00000660  BAKMEM0_L                              
00000661  BAKMEM0_H                              
00000662  BAKMEM1                                
00000662  BAKMEM1_L                              
00000663  BAKMEM1_H                              
00000664  BAKMEM2                                
00000664  BAKMEM2_L                              
00000665  BAKMEM2_H                              
00000666  BAKMEM3                                
00000666  BAKMEM3_L                              
00000667  BAKMEM3_H                              
00000668  BAKMEM4                                
00000668  BAKMEM4_L                              
00000669  BAKMEM4_H                              
0000066a  BAKMEM5                                
0000066a  BAKMEM5_L                              
0000066b  BAKMEM5_H                              
0000066c  BAKMEM6                                
0000066c  BAKMEM6_L                              
0000066d  BAKMEM6_H                              
0000066e  BAKMEM7                                
0000066e  BAKMEM7_L                              
0000066f  BAKMEM7_H                              
00000670  BAKMEM8                                
00000670  BAKMEM8_L                              
00000671  BAKMEM8_H                              
00000672  BAKMEM9                                
00000672  BAKMEM9_L                              
00000673  BAKMEM9_H                              
00000674  BAKMEM10                               
00000674  BAKMEM10_L                             
00000675  BAKMEM10_H                             
00000676  BAKMEM11                               
00000676  BAKMEM11_L                             
00000677  BAKMEM11_H                             
00000678  BAKMEM12                               
00000678  BAKMEM12_L                             
00000679  BAKMEM12_H                             
0000067a  BAKMEM13                               
0000067a  BAKMEM13_L                             
0000067b  BAKMEM13_H                             
0000067c  BAKMEM14                               
0000067c  BAKMEM14_L                             
0000067d  BAKMEM14_H                             
0000067e  BAKMEM15                               
0000067e  BAKMEM15_L                             
0000067f  BAKMEM15_H                             
00000700  ADCCTL0                                
00000700  ADCCTL0_L                              
00000701  ADCCTL0_H                              
00000702  ADCCTL1                                
00000702  ADCCTL1_L                              
00000703  ADCCTL1_H                              
00000704  ADCCTL2                                
00000704  ADCCTL2_L                              
00000705  ADCCTL2_H                              
00000706  ADCLO                                  
00000706  ADCLO_L                                
00000707  ADCLO_H                                
00000708  ADCHI                                  
00000708  ADCHI_L                                
00000709  ADCHI_H                                
0000070a  ADCMCTL0                               
0000070a  ADCMCTL0_L                             
0000070b  ADCMCTL0_H                             
00000712  ADCMEM0                                
00000712  ADCMEM0_L                              
00000713  ADCMEM0_H                              
0000071a  ADCIE                                  
0000071a  ADCIE_L                                
0000071b  ADCIE_H                                
0000071c  ADCIFG                                 
0000071c  ADCIFG_L                               
0000071d  ADCIFG_H                               
0000071e  ADCIV                                  
0000071e  ADCIV_L                                
0000071f  ADCIV_H                                
00000b20  CAPIE                                  
00000b20  CAPIE_L                                
00000b21  CAPIE_H                                
00000b22  CAPIFG                                 
00000b22  CAPIFG_L                               
00000b23  CAPIFG_H                               
00000b24  CAPIV                                  
00000b24  CAPIV_L                                
00000b25  CAPIV_H                                
00001800  badge_conf                             
00001814  radio_frequency                        
00001815  radio_frequency_done                   
00001816  leds_eyes_ambient                      
00002000  ids_in_range                           
00002078  fun_base                               
0000209a  tlc_gs_data                            
000020ba  B1                                     
000020d8  anim_bigspin_frames                    
000020f6  B1_E00                                 
00002110  EYES_DISP                              
00002120  animations                             
0000212e  g_uiApp                                
0000213c  leds_brightness                        
0000213e  eye_anim_curr                          
00002140  leds_eyes_ambient_temp_ticks           
00002142  eye_blinking                           
00002144  leds_scan_speed                        
00002146  scan_dot_curr                          
00002149  radio_badges_in_range                  
0000214a  anim_boop_frames                       
00002156  rx_cnt                                 
00002162  EYES_DIGITS                            
0000216c  rtc_button_csecs                       
0000216e  rtc_centiseconds                       
00002170  rtc_seconds                            
00002174  payload                                
0000217c  anim_dafuq_frames                      
00002182  anim_dirshifty_frames                  
00002188  anim_happytoggle_frames                
0000218e  anim_lookaround_frames                 
00002194  anim_shifty_frames                     
0000219a  tlc_send_type                          
0000219b  tlc_tx_index                           
0000219c  tlc_loopback_data_out                  
0000219d  tlc_loopback_data_in                   
000021a0  B1_C00                                 
000021a4  anim_boop                              
000021a8  anim_dafuq                             
000021ac  anim_dirshifty                         
000021b0  anim_happytoggle                       
000021b4  anim_happywink                         
000021b8  anim_lookaround                        
000021bc  anim_new_badge                         
000021c0  anim_seen_badge                        
000021c4  anim_shifty                            
000021c8  anim_wink                              
000021cc  leds_dot_level                         
000021d0  rfm75_unicast_addr                     
000021d2  rfm75_state                            
000021d3  f_rfm75_interrupt                      
000021d8  anim_happywink_frames                  
000021dc  anim_wink_frames                       
000021df  badge_boop_radio_cooldown              
000021e0  badge_block_radio_game                 
000021e1  long_presses                           
000021e2  B1_C00_Elements                        
000021e4  B1_Cycles                              
000021e6  EYES_BIGHAPPY_VAL                      
000021e8  EYES_BIG_VAL                           
000021ea  EYES_DAFUQ_VAL                         
000021ec  EYES_HAPPY_VAL                         
000021ee  EYES_LEFT_VAL                          
000021f0  EYES_NORMAL_VAL                        
000021f2  EYES_RIGHT_VAL                         
000021f4  EYES_SAD_VAL                           
000021f6  _lock                                  
000021f8  _unlock                                
000021fa  g_pEMCConfig                           
000021fc  g_pCaptivateSensorArray                
000021fe  leds_eyes_ambient_temp                 
00002200  leds_eyes_curr                         
00002202  s_boop_radio                           
00002204  B1_E00_Tuning                          
00002214  B1_E00_RawCnts                         
0000221c  B1_Params                              
00002224  curr_packet_tx                         
0000222c  g_filteredGlobalNoiseLevel             
00002230  g_pHighestNoiseElement                 
00002232  rfm75_rx_done_cb                       
00002234  rfm75_tx_done_cb                       
00002236  button_state                           
00002237  eye_anim_blink_transition              
00002238  eye_anim_curr_frame                    
00002239  eye_anim_curr_loops                    
0000223a  eye_anim_curr_ticks                    
0000223b  f_button_press_long                    
0000223c  f_second                               
0000223d  f_time_loop                            
0000223e  g_bConvCounterFlag                     
0000223f  g_bConvTimerFlag                       
00002240  g_bDetectionFlag                       
00002241  g_bEndOfConversionFlag                 
00002242  g_bMaxCountErrorFlag                   
00002f60  _stack                                 
00003000  __STACK_END                            
0000c608  __TI_Handler_Table_Base                
0000c60e  __TI_Handler_Table_Limit               
0000c612  __TI_CINIT_Base                        
0000c61a  __TI_CINIT_Limit                       
0000c61a  __TI_CINIT_Warm                        
0000c61a  bank0_init_data                        
0000c686  leds_post_step                         
0000ca0e  main                                   
0000ccac  CAPT_updateSensorRawCount              
0000cf0a  leds_error_code                        
0000d138  rfm75_init                             
0000d364  leds_timestep                          
0000d582  CAPT_calibrateGain                     
0000d74a  CAPT_calibrateOffset                   
0000d8e6  do_blink                               
0000da4c  TLC_EUSCI_ISR                          
0000db7a  CAPT_correctInvalidMultiFreqCalibration
0000dc6c  CAPT_testConversionFrequencyForNoise   
0000dd5c  leds_load_gs                           
0000de46  leds_show_number                       
0000df22  CAPT_updateSelfElementProxTouchWithEMC 
0000dff4  CAPT_resolveMultiFreqSet               
0000e0b4  dco_software_trim                      
0000e172  rfm75_tx                               
0000e22e  leds_init                              
0000e2e2  CAPT_updateElementFilteredValuesWithEMC
0000e38c  CAPT_computeRelNoiseComp               
0000e432  rfm75_deferred_interrupt               
0000e4d8  leds_boop                              
0000e578  CAPT_processCycleWithEMC               
0000e610  CAPT_calibrateSensorWithEMC            
0000e6a4  tlc_init                               
0000e72e  badge_update_queerdar_count            
0000e7a6  CAPT_updateSensorWithEMC               
0000e81c  CAPT_testForRecalibration              
0000e88c  __TI_decompress_lzss                   
0000e8fa  CAPT_initSensor                        
0000e964  CAPT_processSensor                     
0000e9ce  CAPT_updateGlobalFilteredNoiseLevel    
0000ea34  CAPT_updateUI                          
0000ea94  radio_interval                         
0000eaf2  button_cb                              
0000eb4c  leds_blink_or_bling                    
0000eba6  radio_rx_done                          
0000ebfe  __mspabi_divul                         
0000ebfe  __mspabi_remul                         
0000ec56  CAPT_updateSensorNoise                 
0000ecac  EUSCI_A_SPI_initMaster                 
0000ed00  __TI_auto_init_nobinit_nopinit_hold_wdt
0000ed52  CAPT_preProcessSlider                  
0000eda0  CAPT_getEMCConversionSettings          
0000edec  RTC_ISR                                
0000ee38  badge_set_seen                         
0000ee84  CAPT_flagAllElementsForReseed          
0000eecc  CAPT_loadCycle                         
0000ef14  init_io                                
0000ef5c  CAPT_initUI                            
0000efa0  rfm75_enter_prx                        
0000efe4  tlc_stage_dc_mult                      
0000f028  CAPT_ISR                               
0000f068  CAPT_unloadCycle                       
0000f0a6  __mspabi_slll_15                       
0000f0aa  __mspabi_slll_14                       
0000f0ae  __mspabi_slll_13                       
0000f0b2  __mspabi_slll_12                       
0000f0b6  __mspabi_slll_11                       
0000f0ba  __mspabi_slll_10                       
0000f0be  __mspabi_slll_9                        
0000f0c2  __mspabi_slll_8                        
0000f0c6  __mspabi_slll_7                        
0000f0ca  __mspabi_slll_6                        
0000f0ce  __mspabi_slll_5                        
0000f0d2  __mspabi_slll_4                        
0000f0d6  __mspabi_slll_3                        
0000f0da  __mspabi_slll_2                        
0000f0de  __mspabi_slll_1                        
0000f0e4  __mspabi_srll_15                       
0000f0e8  __mspabi_srll_14                       
0000f0ec  __mspabi_srll_13                       
0000f0f0  __mspabi_srll_12                       
0000f0f4  __mspabi_srll_11                       
0000f0f8  __mspabi_srll_10                       
0000f0fc  __mspabi_srll_9                        
0000f100  __mspabi_srll_8                        
0000f104  __mspabi_srll_7                        
0000f108  __mspabi_srll_6                        
0000f10c  __mspabi_srll_5                        
0000f110  __mspabi_srll_4                        
0000f114  __mspabi_srll_3                        
0000f118  __mspabi_srll_2                        
0000f11c  __mspabi_srll_1                        
0000f122  radio_start_calibration                
0000f15e  rfm75_post                             
0000f19a  leds_anim_start                        
0000f1d4  crc16_compute                          
0000f20c  post_display                           
0000f244  rand                                   
0000f27c  CAPT_updateSensorTimeout               
0000f2b2  set_unicast_addr                       
0000f2e8  leds_next_brightness                   
0000f31c  rfm75_select_bank                      
0000f350  badge_init                             
0000f382  radio_handle_beacon                    
0000f3b4  crc16_check_buffer                     
0000f3e4  read_rfm75_cmd_buf                     
0000f414  CAPT_convertAbsToRel                   
0000f442  CAPT_startConversionAndWaitUntilDone   
0000f470  badge_button_press_short               
0000f49e  eye_ambient                            
0000f4cc  radio_boop                             
0000f4fa  __mspabi_divi                          
0000f4fa  __mspabi_remi                          
0000f526  init_clocks                            
0000f550  CAPT_blockOnFlag                       
0000f576  send_rfm75_cmd_buf                     
0000f59c  validate                               
0000f5c2  CAPT_computeJitterFilter               
0000f5e6  rfm75_io_init                          
0000f60a  CAPT_calibrateSensor                   
0000f62c  delay_millis                           
0000f64e  leds_queerdar_alert                    
0000f670  CAPT_calibrateUI                       
0000f690  CAPT_init                              
0000f6b0  CAPT_testForMaxCountRecalibration      
0000f6d0  RFM_ISR                                
0000f6f0  check_id_buf                           
0000f710  __mspabi_mpyl_f5hw                     
0000f730  set_id_buf                             
0000f750  crc16_append_buffer                    
0000f76e  radio_init                             
0000f78c  _c_int00_noargs                        
0000f7a8  tlc_stage_blank                        
0000f7c4  rfm75_tx_avail                         
0000f7de  rfm75spi_recv_sync                     
0000f7f8  tlc_set_fun                            
0000f812  tlc_set_gs                             
0000f82c  CAPT_testForNegativeTouchRecalibration 
0000f844  rfm75_read_reg                         
0000f85c  rtc_init                               
0000f874  __mspabi_divu                          
0000f874  __mspabi_remu                          
0000f88a  srand                                  
0000f8a0  CAPT_getMaxRelThreshold                
0000f8b4  CAPT_getRelNoiseStatusThreshold        
0000f8c8  CAPT_replaceFrequencyWithError         
0000f8dc  __TI_zero_init_nomemset                
0000f8f0  memset                                 
0000f904  __mspabi_mpyi_f5hw                     
0000f918  send_rfm75_cmd                         
0000f92c  __TI_decompress_none                   
0000f93e  memcpy                                 
0000f950  rfm75_write_reg                        
0000f962  rfm75_write_reg_buf                    
0000f974  rfm75_get_status                       
0000f984  fram_lock                              
0000f992  fram_unlock                            
0000f99e  abs                                    
0000f9a8  badge_button_press_long                
0000f9b2  __mspabi_slli                          
0000f9bc  __mspabi_srli                          
0000f9c6  EUSCI_A_SPI_receiveData                
0000f9ce  EUSCI_A_SPI_transmitData               
0000f9d6  __TI_ISR_TRAP                          
0000f9de  CAPT_clearIFG                          
0000f9e4  CAPT_getInterruptVector                
0000f9ea  CRC_getResult                          
0000f9f0  CRC_set8BitData                        
0000f9f6  CRC_setSeed                            
0000f9fc  EUSCI_A_SPI_clearInterrupt             
0000fa02  EUSCI_A_SPI_enableInterrupt            
0000fa08  C$$EXIT                                
0000fa08  abort                                  
0000fa0e  rfm75spi_send_sync                     
0000fa14  _system_pre_init                       
0000fa18  _nop                                   
0000fa1a  _system_post_cinit                     
0000fa1c  radio_tx_done                          
0000ffd8  __TI_int40                             
0000ffda  __TI_int41                             
0000ffdc  __TI_int42                             
0000ffde  __TI_int43                             
0000ffe0  __TI_int44                             
0000ffe2  __TI_int45                             
0000ffe4  __TI_int46                             
0000ffe6  __TI_int47                             
0000ffe8  __TI_int48                             
0000ffea  __TI_int49                             
0000ffec  __TI_int50                             
0000ffee  __TI_int51                             
0000fff0  __TI_int52                             
0000fff2  __TI_int53                             
0000fff4  __TI_int54                             
0000fff6  __TI_int55                             
0000fff8  __TI_int56                             
0000fffa  __TI_int57                             
0000fffc  __TI_int58                             
0000fffe  _reset_vector                          
ffffffff  __TI_pprof_out_hndl                    
ffffffff  __TI_prof_data_size                    
ffffffff  __TI_prof_data_start                   
ffffffff  __c_args__                             

[778 symbols]
